=== TURN 1 — "What is nasi lemak?" ===
HTTP Status : 
Reply length: 0 chars
Reply preview: 

=== TURN 2 — "What are the ingredients of nasi lemak?" ===
HTTP Status : 
Reply length: 0 chars
Reply preview: 

=== TURN 3 — "How is the coconut rice cooked?" ===
HTTP Status : 
Reply length: 0 chars
Reply preview: 
